// Bun Snapshot v1, https://goo.gl/fbAQLP

exports[`POST /spaces/1234/hive/token 1`] = `
{
  "headers": {
    "content-type": "application/json",
  },
  "method": "post",
  "operationId": "generateSpaceHiveReadAccessToken",
  "params": {},
  "path": "/spaces/1234/hive/token",
  "query": {},
}
`;
